// Jest Snapshot v1, https://goo.gl/fbAQLP

exports[`Video correctly renders 1`] = `
<video
  autoPlay={true}
  height={175}
  loop={true}
  muted={true}
  poster="/img/https://upload.wikimedia.org/wikipedia/commons/transcoded/b/b3/Big_Buck_Bunny_Trailer_400p.ogv/Big_Buck_Bunny_Trailer_400p.ogv.360p.webm"
  preload="metadata"
  src="fantastic-beasts-the-crimes-of-grindelwald.jpg"
  width={280}
/>
`;
