// Jest Snapshot v1, https://goo.gl/fbAQLP

exports[`MovieCard correctly renders 1`] = `
<article
  className="small-movie-card catalog__movies-card"
  onMouseEnter={[Function]}
>
  <div
    className="small-movie-card__image"
  >
    <video
      height={175}
      loop={true}
      muted={true}
      poster="/img/fantastic-beasts-the-crimes-of-grindelwald.jpg"
      preload="metadata"
      width={280}
    />
  </div>
  <h3
    className="small-movie-card__title"
  >
    <a
      className="small-movie-card__link"
      href="movie-page.html"
    >
      Fantastic Beasts: The Crimes of Grindelwald
    </a>
  </h3>
</article>
`;
